Microchip MPLAB XC8 Compiler V1.45 ()

Linker command line:

-W-3 --edf=/Applications/microchip/xc8/v1.45/dat/en_msgs.txt -cs \
  -h+dist/default/production/project.X.production.sym \
  --cmf=dist/default/production/project.X.production.cmf -z -Q18F25K22 \
  -o/tmp/xcElS0R07 -Mdist/default/production/project.X.production.map -E1 \
  -ver=XC8 -ASTACK=01FBh-05ffh -pstack=STACK -ACODE=00h-07FFFh \
  -ACONST=00h-07FFFh -ASMALLCONST=0600h-06FFhx122 \
  -AMEDIUMCONST=0600h-07FFFh -ACOMRAM=01h-05Fh -AABS1=00h-05FFh \
  -ABIGRAM=01h-05FFh -ARAM=060h-0FFh,0100h-01FFhx5 -ABANK0=060h-0FFh \
  -ABANK1=0100h-01FFh -ABANK2=0200h-02FFh -ABANK3=0300h-03FFh \
  -ABANK4=0400h-04FFh -ABANK5=0500h-05FFh -ASFR=0F38h-0F5Fh,0F60h-0FFFh \
  -preset_vec=00h,intcode=08h,intcodelo,powerup,init -pramtop=0600h \
  -psmallconst=SMALLCONST -pmediumconst=MEDIUMCONST -pconst=CONST \
  -AFARRAM=00h-00h -ACONFIG=0300000h-030000Dh -pconfig=CONFIG \
  -AIDLOC=0200000h-0200007h -pidloc=IDLOC -AEEDATA=0F00000h-0F000FFh \
  -peeprom_data=EEDATA \
  -prdata=COMRAM,nvrram=COMRAM,nvbit=COMRAM,rbss=COMRAM,rbit=COMRAM \
  -pfarbss=FARRAM,fardata=FARRAM,nvFARRAM=FARRAM \
  -pintsave_regs=BIGRAM,bigbss=BIGRAM,bigdata=BIGRAM -pbss=RAM \
  -pidata=CODE,irdata=CODE,ibigdata=CODE,ifardata=CODE -prparam=COMRAM \
  /tmp/xcrdNfeXR.obj dist/default/production/project.X.production.obj 

Object code version is 3.11

Machine type is 18F25K22

Call graph: (short form)




                Name                               Link     Load   Length Selector   Space Scale
/tmp/xcrdNfeXR.obj
                init                                112      112        4        4       0
                reset_vec                             0        0        4        0       0
                idloc                            200000   200000        8   200000       0
                config                           300000   300000        E   300000       0
dist/default/production/project.X.production.obj
                intcode                               8        8      10A        4       0
                temp                                 4D       4D        1        1       1
                mediumconst                        7E90     7E90      170     3F48       0
                text64                             26F6     26F6       2C        4       0
                text63                             2670     2670       2E        4       0
                text62                             26CA     26CA       2C        4       0
                text61                             2642     2642       2E        4       0
                text60                             28E8     28E8        E     13F3       0
                text58                             256E     256E       3A        4       0
                text57                             22C0     22C0       52        4       0
                text56                             25E0     25E0       34        4       0
                text55                             1804     1804      12C        4       0
                text54                             2772     2772       28        4       0
                text53                             274A     274A       28        4       0
                text52                             24B6     24B6       42        4       0
                text51                             28C6     28C6       12     13F3       0
                text50                             2722     2722       28        4       0
                text49                             23AA     23AA       46        4       0
                text48                             1336     1336      1EE        4       0
                text47                             288A     288A       16     13F3       0
                text46                             28D8     28D8       10     13F3       0
                text45                             292A     292A        A     13F3       0
                text44                             2920     2920        A     13F3       0
                text43                             235E     235E       4C        4       0
                text42                             2916     2916        A     13F3       0
                text41                             290C     290C        A     13F3       0
                text40                             2312     2312       4C        4       0
                text39                             2938     2938        4     13F3       0
                text38                             28B4     28B4       12     13F3       0
                text37                             2614     2614       2E        4       0
                text36                             2902     2902        A     13F3       0
                text35                             2850     2850       22     13F3       0
                text34                             282E     282E       22     13F3       0
                text33                             1DDA     1DDA       9C        4       0
                text32                             1E76     1E76       94        4       0
                text31                             1F0A     1F0A       90        4       0
                text30                             280A     280A       24     13F3       0
                text29                             1D2C     1D2C       AE        4       0
                text28                             1524     1524      1AE        4       0
                text27                             2474     2474       42        4       0
                text26                             1A58     1A58       F8        4       0
                text25                             201E     201E       82        4       0
                text24                             21FE     21FE       66        4       0
                text23                             2264     2264       5C        4       0
                text22                             1930     1930      128        4       0
                text21                             16D2     16D2      132        4       0
                text20                             1F9A     1F9A       84        4       0
                text19                             218E     218E       70        4       0
                text18                             1B50     1B50       F4        4       0
                text17                             279A     279A       26        4       0
                text16                              EE4      EE4      25A        4       0
                text15                              85A      85A      420        4       0
                text14                              116      116      744        4       0
                text13                             2534     2534       3A        4       0
                text12                             20A0     20A0       7C        4       0
                text11                             28A0     28A0       14     13F3       0
                text10                             28F6     28F6        C     13F3       0
                text9                              2872     2872       18     13F3       0
                text8                              2934     2934        4     13F3       0
                text7                              1C44     1C44       E8        4       0
                text6                              27E6     27E6       24     13F3       0
                text5                              24F8     24F8       3C        4       0
                text4                               C7A      C7A      26A        4       0
                text3                              269E     269E       2C        4       0
                text2                              2432     2432       42        4       0
                text1                              23F0     23F0       42        4       0
                text0                              113E     113E      1F8        4       0
                cstackCOMRAM                          1        1       39        1       1
                cstackBANK0                          9D       9D       3D       60       1
                cstackBANK1                         100      100       8D      100       1
                dataBANK1                           18D      18D       38      100       1
                bssBANK1                            1C5      1C5       36      100       1
                dataBANK0                            DA       DA       25       60       1
                bssBANK0                             60       60       3D       60       1
                bssCOMRAM                            3A       3A       13        1       1
                cinit                              211C     211C       72        4       0
                idataBANK1                         25A8     25A8       38        4       0
                idataBANK0                         27C0     27C0       25        4       0

TOTAL           Name                               Link     Load   Length     Space
        CLASS   STACK          

        CLASS   CODE           
                intcode                               8        8      10A         0
                init                                112      112        4         0
                reset_vec                             0        0        4         0
                text64                             26F6     26F6       2C         0
                text63                             2670     2670       2E         0
                text62                             26CA     26CA       2C         0
                text61                             2642     2642       2E         0
                text60                             28E8     28E8        E         0
                text58                             256E     256E       3A         0
                text57                             22C0     22C0       52         0
                text56                             25E0     25E0       34         0
                text55                             1804     1804      12C         0
                text54                             2772     2772       28         0
                text53                             274A     274A       28         0
                text52                             24B6     24B6       42         0
                text51                             28C6     28C6       12         0
                text50                             2722     2722       28         0
                text49                             23AA     23AA       46         0
                text48                             1336     1336      1EE         0
                text47                             288A     288A       16         0
                text46                             28D8     28D8       10         0
                text45                             292A     292A        A         0
                text44                             2920     2920        A         0
                text43                             235E     235E       4C         0
                text42                             2916     2916        A         0
                text41                             290C     290C        A         0
                text40                             2312     2312       4C         0
                text39                             2938     2938        4         0
                text38                             28B4     28B4       12         0
                text37                             2614     2614       2E         0
                text36                             2902     2902        A         0
                text35                             2850     2850       22         0
                text34                             282E     282E       22         0
                text33                             1DDA     1DDA       9C         0
                text32                             1E76     1E76       94         0
                text31                             1F0A     1F0A       90         0
                text30                             280A     280A       24         0
                text29                             1D2C     1D2C       AE         0
                text28                             1524     1524      1AE         0
                text27                             2474     2474       42         0
                text26                             1A58     1A58       F8         0
                text25                             201E     201E       82         0
                text24                             21FE     21FE       66         0
                text23                             2264     2264       5C         0
                text22                             1930     1930      128         0
                text21                             16D2     16D2      132         0
                text20                             1F9A     1F9A       84         0
                text19                             218E     218E       70         0
                text18                             1B50     1B50       F4         0
                text17                             279A     279A       26         0
                text16                              EE4      EE4      25A         0
                text15                              85A      85A      420         0
                text14                              116      116      744         0
                text13                             2534     2534       3A         0
                text12                             20A0     20A0       7C         0
                text11                             28A0     28A0       14         0
                text10                             28F6     28F6        C         0
                text9                              2872     2872       18         0
                text8                              2934     2934        4         0
                text7                              1C44     1C44       E8         0
                text6                              27E6     27E6       24         0
                text5                              24F8     24F8       3C         0
                text4                               C7A      C7A      26A         0
                text3                              269E     269E       2C         0
                text2                              2432     2432       42         0
                text1                              23F0     23F0       42         0
                text0                              113E     113E      1F8         0
                cinit                              211C     211C       72         0
                idataBANK1                         25A8     25A8       38         0
                idataBANK0                         27C0     27C0       25         0

        CLASS   CONST          

        CLASS   SMALLCONST     

        CLASS   MEDIUMCONST    
                mediumconst                        7E90     7E90      170         0

        CLASS   COMRAM         
                temp                                 4D       4D        1         1
                cstackCOMRAM                          1        1       39         1
                bssCOMRAM                            3A       3A       13         1

        CLASS   ABS1           

        CLASS   BIGRAM         

        CLASS   RAM            

        CLASS   BANK0          
                cstackBANK0                          9D       9D       3D         1
                dataBANK0                            DA       DA       25         1
                bssBANK0                             60       60       3D         1

        CLASS   BANK1          
                cstackBANK1                         100      100       8D         1
                dataBANK1                           18D      18D       38         1
                bssBANK1                            1C5      1C5       36         1

        CLASS   BANK2          

        CLASS   BANK3          

        CLASS   BANK4          

        CLASS   BANK5          

        CLASS   SFR            

        CLASS   FARRAM         

        CLASS   CONFIG         
                config                           300000   300000        E         0

        CLASS   IDLOC          
                idloc                            200000   200000        8         0

        CLASS   EEDATA         



SEGMENTS        Name                           Load    Length   Top    Selector   Space  Class

                reset_vec                      000000  000004  000004         0       0  CODE    
                cstackCOMRAM                   000001  00004D  00004E         1       1  COMRAM  
                intcode                        000008  0027DD  0027E5         4       0  CODE    
                bssBANK0                       000060  00009F  0000FF        60       1  BANK0   
                cstackBANK1                    000100  0000FB  0001FB       100       1  BANK1   
                text6                          0027E6  000156  00293C      13F3       0  CODE    
                mediumconst                    007E90  000170  008000      3F48       0  MEDIUMCO
                idloc                          200000  000008  200008    200000       0  IDLOC   
                config                         300000  00000E  30000E    300000       0  CONFIG  


UNUSED ADDRESS RANGES

        Name                Unused          Largest block    Delta
        BANK0            0000FF-0000FF                1
        BANK1            0001FB-0001FF                5
        BANK2            000200-0002FF              100
        BANK3            000300-0003FF              100
        BANK4            000400-0004FF              100
        BANK5            000500-0005FF              100
        BIGRAM           00004E-00005F               12
                         0000FF-0000FF                1
                         0001FB-0005FF              405
        CODE             000004-000007                4
                         0027E5-0027E5                1
                         00293C-007E8F             5554
        COMRAM           00004E-00005F               12
        CONST            000004-000007                4
                         0027E5-0027E5                1
                         00293C-007E8F             5554
        EEDATA           F00000-F000FF              100
        MEDIUMCONST      0027E5-0027E5                1
                         00293C-007E8F             5554
        RAM              0000FF-0000FF                1
                         0001FB-0005FF              100
        SFR              000F38-000FFF               28
        SMALLCONST       0027E5-0027E5                1
                         00293C-007E8F              100
        STACK            0001FB-0005FF              405

                                  Symbol Table

?_ADC_GetConversionResult                      cstackCOMRAM 000013
?___awdiv                                      cstackCOMRAM 000019
?___awmod                                      cstackCOMRAM 000013
?___ftadd                                      cstackBANK0  0000A4
?___ftdiv                                      cstackBANK0  00009D
?___ftmul                                      cstackCOMRAM 000027
?___ftneg                                      cstackCOMRAM 000013
?___ftpack                                     cstackCOMRAM 000013
?___ftsub                                      cstackBANK0  0000B0
?___fttol                                      cstackBANK0  0000A1
?___lldiv                                      cstackCOMRAM 000013
?___llmod                                      cstackCOMRAM 000020
?___lltoft                                     cstackCOMRAM 00001B
?___lwtoft                                     cstackCOMRAM 00001B
?___wmul                                       cstackCOMRAM 000021
?__div_to_l_                                   cstackCOMRAM 000013
?__esp8266_waitFor                             cstackCOMRAM 000014
?__tdiv_to_l_                                  cstackCOMRAM 000013
?_fround                                       cstackCOMRAM 000036
?_scale                                        cstackCOMRAM 000036
?_sprintf                                      cstackBANK0  0000B6
?_strlen                                       cstackCOMRAM 000013
ADC_SelectChannel@channel                      cstackCOMRAM 000014
ESP_Initialize@ESP_TASK                        cstackBANK0  0000AD
ESP_Initialize@oldtimecount1                   cstackBANK0  0000A7
ESP_Initialize@oldtimecount2                   cstackBANK0  0000A9
ESP_Initialize@oldtimecount3                   cstackBANK0  0000A5
ESP_Initialize@oldtimecount4                   cstackBANK0  0000AB
ESP_Initialize@oldtimecount5                   cstackBANK0  0000A3
EUSART1_Read@readValue                         cstackCOMRAM 000013
EUSART1_SetRxInterruptHandler@interruptHandler cstackCOMRAM 000013
EUSART1_SetTxInterruptHandler@interruptHandler cstackCOMRAM 000013
EUSART1_Write@txData                           cstackCOMRAM 000013
EUSART2_SetRxInterruptHandler@interruptHandler cstackCOMRAM 000013
EUSART2_SetTxInterruptHandler@interruptHandler cstackCOMRAM 000013
GPS_read_data@F7059                            dataBANK1    0001AA
GPS_read_data@F7061                            dataBANK0    0000EF
GPS_read_data@F7063                            dataBANK0    0000E6
GPS_read_data@F7067                            dataBANK0    0000F8
TMR0_SetInterruptHandler@InterruptHandler      cstackCOMRAM 000013
_ADCON0                                        (abs)        000FC2
_ADCON0bits                                    (abs)        000FC2
_ADCON1                                        (abs)        000FC1
_ADCON2                                        (abs)        000FC0
_ADC_GetConversionResult                       text11       0028A0
_ADC_Initialize                                text47       00288A
_ADC_IsConversionDone                          text10       0028F6
_ADC_SelectChannel                             text9        002872
_ADC_StartConversion                           text8        002934
_ADRESH                                        (abs)        000FC4
_ADRESL                                        (abs)        000FC3
_ANSELA                                        (abs)        000F38
_ANSELB                                        (abs)        000F39
_ANSELC                                        (abs)        000F3A
_BAUDCON1                                      (abs)        000FB8
_BAUDCON2                                      (abs)        000F70
_CCP5CON                                       (abs)        000F54
_CCP5_Initialize                               text46       0028D8
_CCPR5H                                        (abs)        000F56
_CCPR5L                                        (abs)        000F55
_DataRead                                      bssBANK1     0001C9
_ESP_Initialize                                text48       001336
_ESP_flag                                      bssBANK1     0001C5
_EUSART1_Initialize                            text43       00235E
_EUSART1_Read                                  text56       0025E0
_EUSART1_Receive_ISR                           text64       0026F6
_EUSART1_RxDefaultInterruptHandler             bssBANK0     000096
_EUSART1_SetRxInterruptHandler                 text45       00292A
_EUSART1_SetTxInterruptHandler                 text44       002920
_EUSART1_Transmit_ISR                          text63       002670
_EUSART1_TxDefaultInterruptHandler             bssBANK0     000098
_EUSART1_Write                                 text58       00256E
_EUSART2_Initialize                            text40       002312
_EUSART2_Receive_ISR                           text62       0026CA
_EUSART2_RxDefaultInterruptHandler             bssCOMRAM    00003C
_EUSART2_SetRxInterruptHandler                 text42       002916
_EUSART2_SetTxInterruptHandler                 text41       00290C
_EUSART2_Transmit_ISR                          text61       002642
_EUSART2_TxDefaultInterruptHandler             bssCOMRAM    00003E
_INTCON2bits                                   (abs)        000FF1
_INTCONbits                                    (abs)        000FF2
_INTERRUPT_Initialize                          text39       002938
_INTERRUPT_InterruptManager                    intcode      000008
_LATA                                          (abs)        000F89
_LATAbits                                      (abs)        000F89
_LATB                                          (abs)        000F8A
_LATC                                          (abs)        000F8B
_OSCCON                                        (abs)        000FD3
_OSCCON2                                       (abs)        000FD2
_OSCILLATOR_Initialize                         text38       0028B4
_OSCTUNE                                       (abs)        000F9B
_PIE1bits                                      (abs)        000F9D
_PIE3bits                                      (abs)        000FA3
_PIN_MANAGER_Initialize                        text37       002614
_PIR1bits                                      (abs)        000F9E
_PIR3bits                                      (abs)        000FA4
_PLLRDY                                        (abs)        007E97
_RCONbits                                      (abs)        000FD0
_RCREG1                                        (abs)        000FAE
_RCREG2                                        (abs)        000F74
_RCSTA1                                        (abs)        000FAB
_RCSTA1bits                                    (abs)        000FAB
_RCSTA2                                        (abs)        000F71
_RCSTA2bits                                    (abs)        000F71
_SPBRG1                                        (abs)        000FAF
_SPBRG2                                        (abs)        000F75
_SPBRGH1                                       (abs)        000FB0
_SPBRGH2                                       (abs)        000F76
_SYSTEM_Initialize                             text34       00282E
_T0CON                                         (abs)        000FD5
_T0CONbits                                     (abs)        000FD5
_TMR0H                                         (abs)        000FD7
_TMR0L                                         (abs)        000FD6
_TMR0_DefaultInterruptHandler                  (abs)        000000
_TMR0_ISR                                      text60       0028E8
_TMR0_Initialize                               text35       002850
_TMR0_InterruptHandler                         bssCOMRAM    00003A
_TMR0_SetInterruptHandler                      text36       002902
_TRISA                                         (abs)        000F92
_TRISB                                         (abs)        000F93
_TRISC                                         (abs)        000F94
_TXREG1                                        (abs)        000FAD
_TXREG2                                        (abs)        000F73
_TXSTA1                                        (abs)        000FAC
_TXSTA1bits                                    (abs)        000FAC
_TXSTA2                                        (abs)        000F72
_TXSTA2bits                                    (abs)        000F72
_WPUB                                          (abs)        000F61
__CFG_BOREN$SBORDIS                            (abs)        000000
__CFG_BORV$190                                 (abs)        000000
__CFG_CCP2MX$PORTC1                            (abs)        000000
__CFG_CCP3MX$PORTB5                            (abs)        000000
__CFG_CP0$OFF                                  (abs)        000000
__CFG_CP1$OFF                                  (abs)        000000
__CFG_CP2$OFF                                  (abs)        000000
__CFG_CP3$OFF                                  (abs)        000000
__CFG_CPB$OFF                                  (abs)        000000
__CFG_CPD$OFF                                  (abs)        000000
__CFG_DEBUG$OFF                                (abs)        000000
__CFG_EBTR0$OFF                                (abs)        000000
__CFG_EBTR1$OFF                                (abs)        000000
__CFG_EBTR2$OFF                                (abs)        000000
__CFG_EBTR3$OFF                                (abs)        000000
__CFG_EBTRB$OFF                                (abs)        000000
__CFG_FCMEN$OFF                                (abs)        000000
__CFG_FOSC$INTIO67                             (abs)        000000
__CFG_HFOFST$ON                                (abs)        000000
__CFG_IESO$OFF                                 (abs)        000000
__CFG_LVP$ON                                   (abs)        000000
__CFG_MCLRE$EXTMCLR                            (abs)        000000
__CFG_P2BMX$PORTB5                             (abs)        000000
__CFG_PBADEN$ON                                (abs)        000000
__CFG_PLLCFG$OFF                               (abs)        000000
__CFG_PRICLKEN$ON                              (abs)        000000
__CFG_PWRTEN$OFF                               (abs)        000000
__CFG_STVREN$ON                                (abs)        000000
__CFG_T3CMX$PORTC0                             (abs)        000000
__CFG_WDTEN$OFF                                (abs)        000000
__CFG_WDTPS$32768                              (abs)        000000
__CFG_WRT0$OFF                                 (abs)        000000
__CFG_WRT1$OFF                                 (abs)        000000
__CFG_WRT2$OFF                                 (abs)        000000
__CFG_WRT3$OFF                                 (abs)        000000
__CFG_WRTB$OFF                                 (abs)        000000
__CFG_WRTC$OFF                                 (abs)        000000
__CFG_WRTD$OFF                                 (abs)        000000
__CFG_XINST$OFF                                (abs)        000000
__HRAM                                         (abs)        000000
__Habs1                                        abs1         000000
__Hbank0                                       bank0        000000
__Hbank1                                       bank1        000000
__Hbank2                                       bank2        000000
__Hbank3                                       bank3        000000
__Hbank4                                       bank4        000000
__Hbank5                                       bank5        000000
__Hbigbss                                      bigbss       000000
__Hbigdata                                     bigdata      000000
__Hbigram                                      bigram       000000
__Hbss                                         bss          000000
__HbssBANK0                                    bssBANK0     000000
__HbssBANK1                                    bssBANK1     000000
__HbssCOMRAM                                   bssCOMRAM    000000
__Hcinit                                       cinit        000000
__Hclrtext                                     clrtext      000000
__Hcomram                                      comram       000000
__Hconfig                                      config       30000E
__Hconst                                       const        000000
__HcstackBANK0                                 cstackBANK0  000000
__HcstackBANK1                                 cstackBANK1  000000
__HcstackCOMRAM                                cstackCOMRAM 000000
__Hdata                                        data         000000
__HdataBANK0                                   dataBANK0    000000
__HdataBANK1                                   dataBANK1    000000
__Heeprom_data                                 eeprom_data  000000
__Hfarbss                                      farbss       000000
__Hfardata                                     fardata      000000
__Hibigdata                                    ibigdata     000000
__Hidata                                       idata        000000
__HidataBANK0                                  idataBANK0   000000
__HidataBANK1                                  idataBANK1   000000
__Hidloc                                       idloc        200008
__Hifardata                                    ifardata     000000
__Hinit                                        init         000116
__Hintcode                                     intcode      000112
__Hintcode_body                                intcode_body 000000
__Hintcodelo                                   intcodelo    000112
__Hintentry                                    intentry     000000
__Hintret                                      intret       000000
__Hintsave_regs                                intsave_regs 000000
__Hirdata                                      irdata       000000
__Hmediumconst                                 mediumconst  008000
__HnvFARRAM                                    nvFARRAM     000000
__Hnvbit                                       nvbit        000000
__Hnvrram                                      nvrram       000000
__Hparam                                       rparam       000000
__Hpowerup                                     powerup      000112
__Hram                                         ram          000000
__Hramtop                                      ramtop       000600
__Hrbit                                        rbit         000000
__Hrbss                                        rbss         000000
__Hrdata                                       rdata        000000
__Hreset_vec                                   reset_vec    000004
__Hrparam                                      rparam       000000
__Hsfr                                         sfr          000000
__Hsmallconst                                  smallconst   000000
__Hspace_0                                     (abs)        30000E
__Hspace_1                                     (abs)        0001FB
__Hspace_2                                     (abs)        000000
__Hstack                                       stack        000000
__Hstruct                                      struct       000000
__Htemp                                        temp         00004E
__Htext                                        text         000000
__Htext0                                       text0        000000
__Htext1                                       text1        000000
__Htext10                                      text10       000000
__Htext11                                      text11       000000
__Htext12                                      text12       000000
__Htext13                                      text13       000000
__Htext14                                      text14       000000
__Htext15                                      text15       000000
__Htext16                                      text16       000000
__Htext17                                      text17       000000
__Htext18                                      text18       000000
__Htext19                                      text19       000000
__Htext2                                       text2        000000
__Htext20                                      text20       000000
__Htext21                                      text21       000000
__Htext22                                      text22       000000
__Htext23                                      text23       000000
__Htext24                                      text24       000000
__Htext25                                      text25       000000
__Htext26                                      text26       000000
__Htext27                                      text27       000000
__Htext28                                      text28       000000
__Htext29                                      text29       000000
__Htext3                                       text3        000000
__Htext30                                      text30       000000
__Htext31                                      text31       000000
__Htext32                                      text32       000000
__Htext33                                      text33       000000
__Htext34                                      text34       000000
__Htext35                                      text35       000000
__Htext36                                      text36       000000
__Htext37                                      text37       000000
__Htext38                                      text38       000000
__Htext39                                      text39       000000
__Htext4                                       text4        000000
__Htext40                                      text40       000000
__Htext41                                      text41       000000
__Htext42                                      text42       000000
__Htext43                                      text43       000000
__Htext44                                      text44       000000
__Htext45                                      text45       000000
__Htext46                                      text46       000000
__Htext47                                      text47       000000
__Htext48                                      text48       000000
__Htext49                                      text49       000000
__Htext5                                       text5        000000
__Htext50                                      text50       000000
__Htext51                                      text51       000000
__Htext52                                      text52       000000
__Htext53                                      text53       000000
__Htext54                                      text54       000000
__Htext55                                      text55       000000
__Htext56                                      text56       000000
__Htext57                                      text57       000000
__Htext58                                      text58       000000
__Htext6                                       text6        000000
__Htext60                                      text60       000000
__Htext61                                      text61       000000
__Htext62                                      text62       000000
__Htext63                                      text63       000000
__Htext64                                      text64       000000
__Htext65                                      text65       000000
__Htext7                                       text7        000000
__Htext8                                       text8        000000
__Htext9                                       text9        000000
__LRAM                                         (abs)        000001
__Labs1                                        abs1         000000
__Lbank0                                       bank0        000000
__Lbank1                                       bank1        000000
__Lbank2                                       bank2        000000
__Lbank3                                       bank3        000000
__Lbank4                                       bank4        000000
__Lbank5                                       bank5        000000
__Lbigbss                                      bigbss       000000
__Lbigdata                                     bigdata      000000
__Lbigram                                      bigram       000000
__Lbss                                         bss          000000
__LbssBANK0                                    bssBANK0     000000
__LbssBANK1                                    bssBANK1     000000
__LbssCOMRAM                                   bssCOMRAM    000000
__Lcinit                                       cinit        000000
__Lclrtext                                     clrtext      000000
__Lcomram                                      comram       000000
__Lconfig                                      config       300000
__Lconst                                       const        000000
__LcstackBANK0                                 cstackBANK0  000000
__LcstackBANK1                                 cstackBANK1  000000
__LcstackCOMRAM                                cstackCOMRAM 000000
__Ldata                                        data         000000
__LdataBANK0                                   dataBANK0    000000
__LdataBANK1                                   dataBANK1    000000
__Leeprom_data                                 eeprom_data  000000
__Lfarbss                                      farbss       000000
__Lfardata                                     fardata      000000
__Libigdata                                    ibigdata     000000
__Lidata                                       idata        000000
__LidataBANK0                                  idataBANK0   000000
__LidataBANK1                                  idataBANK1   000000
__Lidloc                                       idloc        200000
__Lifardata                                    ifardata     000000
__Linit                                        init         000112
__Lintcode                                     intcode      000008
__Lintcode_body                                intcode_body 000000
__Lintcodelo                                   intcodelo    000112
__Lintentry                                    intentry     000000
__Lintret                                      intret       000000
__Lintsave_regs                                intsave_regs 000000
__Lirdata                                      irdata       000000
__Lmediumconst                                 mediumconst  007E90
__LnvFARRAM                                    nvFARRAM     000000
__Lnvbit                                       nvbit        000000
__Lnvrram                                      nvrram       000000
__Lparam                                       rparam       000000
__Lpowerup                                     powerup      000112
__Lram                                         ram          000000
__Lramtop                                      ramtop       000600
__Lrbit                                        rbit         000000
__Lrbss                                        rbss         000000
__Lrdata                                       rdata        000000
__Lreset_vec                                   reset_vec    000000
__Lrparam                                      rparam       000000
__Lsfr                                         sfr          000000
__Lsmallconst                                  smallconst   000000
__Lspace_0                                     (abs)        000000
__Lspace_1                                     (abs)        000000
__Lspace_2                                     (abs)        000000
__Lstack                                       stack        000000
__Lstruct                                      struct       000000
__Ltemp                                        temp         00004D
__Ltext                                        text         000000
__Ltext0                                       text0        000000
__Ltext1                                       text1        000000
__Ltext10                                      text10       000000
__Ltext11                                      text11       000000
__Ltext12                                      text12       000000
__Ltext13                                      text13       000000
__Ltext14                                      text14       000000
__Ltext15                                      text15       000000
__Ltext16                                      text16       000000
__Ltext17                                      text17       000000
__Ltext18                                      text18       000000
__Ltext19                                      text19       000000
__Ltext2                                       text2        000000
__Ltext20                                      text20       000000
__Ltext21                                      text21       000000
__Ltext22                                      text22       000000
__Ltext23                                      text23       000000
__Ltext24                                      text24       000000
__Ltext25                                      text25       000000
__Ltext26                                      text26       000000
__Ltext27                                      text27       000000
__Ltext28                                      text28       000000
__Ltext29                                      text29       000000
__Ltext3                                       text3        000000
__Ltext30                                      text30       000000
__Ltext31                                      text31       000000
__Ltext32                                      text32       000000
__Ltext33                                      text33       000000
__Ltext34                                      text34       000000
__Ltext35                                      text35       000000
__Ltext36                                      text36       000000
__Ltext37                                      text37       000000
__Ltext38                                      text38       000000
__Ltext39                                      text39       000000
__Ltext4                                       text4        000000
__Ltext40                                      text40       000000
__Ltext41                                      text41       000000
__Ltext42                                      text42       000000
__Ltext43                                      text43       000000
__Ltext44                                      text44       000000
__Ltext45                                      text45       000000
__Ltext46                                      text46       000000
__Ltext47                                      text47       000000
__Ltext48                                      text48       000000
__Ltext49                                      text49       000000
__Ltext5                                       text5        000000
__Ltext50                                      text50       000000
__Ltext51                                      text51       000000
__Ltext52                                      text52       000000
__Ltext53                                      text53       000000
__Ltext54                                      text54       000000
__Ltext55                                      text55       000000
__Ltext56                                      text56       000000
__Ltext57                                      text57       000000
__Ltext58                                      text58       000000
__Ltext6                                       text6        000000
__Ltext60                                      text60       000000
__Ltext61                                      text61       000000
__Ltext62                                      text62       000000
__Ltext63                                      text63       000000
__Ltext64                                      text64       000000
__Ltext65                                      text65       000000
__Ltext7                                       text7        000000
__Ltext8                                       text8        000000
__Ltext9                                       text9        000000
__S0                                           (abs)        30000E
__S1                                           (abs)        0001FB
__S2                                           (abs)        000000
___awdiv                                       text20       001F9A
___awdiv@counter                               cstackCOMRAM 00001D
___awdiv@dividend                              cstackCOMRAM 000019
___awdiv@divisor                               cstackCOMRAM 00001B
___awdiv@quotient                              cstackCOMRAM 00001F
___awdiv@sign                                  cstackCOMRAM 00001E
___awmod                                       text19       00218E
___awmod@counter                               cstackCOMRAM 000017
___awmod@dividend                              cstackCOMRAM 000013
___awmod@divisor                               cstackCOMRAM 000015
___awmod@sign                                  cstackCOMRAM 000018
___ftadd                                       text28       001524
___ftadd@exp1                                  cstackBANK0  0000AF
___ftadd@exp2                                  cstackBANK0  0000AE
___ftadd@f1                                    cstackBANK0  0000A4
___ftadd@f2                                    cstackBANK0  0000A7
___ftadd@sign                                  cstackBANK0  0000AD
___ftdiv                                       text7        001C44
___ftdiv@cntr                                  cstackBANK0  0000A3
___ftdiv@exp                                   cstackBANK0  0000A7
___ftdiv@f1                                    cstackBANK0  00009D
___ftdiv@f2                                    cstackBANK0  0000A0
___ftdiv@f3                                    cstackBANK0  0000A4
___ftdiv@sign                                  cstackBANK0  0000A8
___ftge                                        text31       001F0A
___ftge@ff1                                    cstackCOMRAM 000013
___ftge@ff2                                    cstackCOMRAM 000016
___ftmul                                       text18       001B50
___ftmul@cntr                                  cstackCOMRAM 000034
___ftmul@exp                                   cstackCOMRAM 000030
___ftmul@f1                                    cstackCOMRAM 000027
___ftmul@f2                                    cstackCOMRAM 00002A
___ftmul@f3_as_product                         cstackCOMRAM 000031
___ftmul@sign                                  cstackCOMRAM 000035
___ftneg                                       text30       00280A
___ftneg@f1                                    cstackCOMRAM 000013
___ftpack                                      text29       001D2C
___ftpack@arg                                  cstackCOMRAM 000013
___ftpack@exp                                  cstackCOMRAM 000016
___ftpack@sign                                 cstackCOMRAM 000017
___ftsub                                       text27       002474
___ftsub@f1                                    cstackBANK0  0000B0
___ftsub@f2                                    cstackBANK0  0000B3
___fttol                                       text26       001A58
___fttol@exp1                                  cstackBANK0  0000AF
___fttol@f1                                    cstackBANK0  0000A1
___fttol@lval                                  cstackBANK0  0000AB
___fttol@sign1                                 cstackBANK0  0000AA
___inthi_sp                                    stack        000000
___intlo_sp                                    stack        000000
___lldiv                                       text25       00201E
___lldiv@counter                               cstackCOMRAM 00001F
___lldiv@dividend                              cstackCOMRAM 000013
___lldiv@divisor                               cstackCOMRAM 000017
___lldiv@quotient                              cstackCOMRAM 00001B
___llmod                                       text24       0021FE
___llmod@counter                               cstackCOMRAM 000028
___llmod@dividend                              cstackCOMRAM 000020
___llmod@divisor                               cstackCOMRAM 000024
___lltoft                                      text23       002264
___lltoft@c                                    cstackCOMRAM 00001B
___lltoft@exp                                  cstackCOMRAM 000023
___lwtoft                                      text6        0027E6
___lwtoft@c                                    cstackCOMRAM 00001B
___param_bank                                  (abs)        000000
___rparam_used                                 (abs)        000001
___sp                                          stack        000000
___wmul                                        text17       00279A
___wmul@multiplicand                           cstackCOMRAM 000023
___wmul@multiplier                             cstackCOMRAM 000021
___wmul@product                                cstackCOMRAM 000025
__accesstop                                    (abs)        000060
__activetblptr                                 (abs)        000002
__div_to_l_                                    text22       001930
__div_to_l_@cntr                               cstackCOMRAM 00001D
__div_to_l_@exp1                               cstackCOMRAM 00001E
__div_to_l_@f1                                 cstackCOMRAM 000013
__div_to_l_@f2                                 cstackCOMRAM 000016
__div_to_l_@quot                               cstackCOMRAM 000019
__end_of_ADC_GetConversionResult               text11       0028B4
__end_of_ADC_Initialize                        text47       0028A0
__end_of_ADC_IsConversionDone                  text10       002902
__end_of_ADC_SelectChannel                     text9        00288A
__end_of_ADC_StartConversion                   text8        002938
__end_of_CCP5_Initialize                       text46       0028E8
__end_of_ESP_Initialize                        text48       001524
__end_of_EUSART1_Initialize                    text43       0023AA
__end_of_EUSART1_Read                          text56       002614
__end_of_EUSART1_Receive_ISR                   text64       002722
__end_of_EUSART1_SetRxInterruptHandler         text45       002934
__end_of_EUSART1_SetTxInterruptHandler         text44       00292A
__end_of_EUSART1_Transmit_ISR                  text63       00269E
__end_of_EUSART1_Write                         text58       0025A8
__end_of_EUSART2_Initialize                    text40       00235E
__end_of_EUSART2_Receive_ISR                   text62       0026F6
__end_of_EUSART2_SetRxInterruptHandler         text42       002920
__end_of_EUSART2_SetTxInterruptHandler         text41       002916
__end_of_EUSART2_Transmit_ISR                  text61       002670
__end_of_INTERRUPT_Initialize                  text39       00293C
__end_of_INTERRUPT_InterruptManager            intcode      000112
__end_of_OSCILLATOR_Initialize                 text38       0028C6
__end_of_PIN_MANAGER_Initialize                text37       002642
__end_of_SYSTEM_Initialize                     text34       002850
__end_of_TMR0_ISR                              text60       0028F6
__end_of_TMR0_Initialize                       text35       002872
__end_of_TMR0_SetInterruptHandler              text36       00290C
__end_of___awdiv                               text20       00201E
__end_of___awmod                               text19       0021FE
__end_of___ftadd                               text28       0016D2
__end_of___ftdiv                               text7        001D2C
__end_of___ftge                                text31       001F9A
__end_of___ftmul                               text18       001C44
__end_of___ftneg                               text30       00282E
__end_of___ftpack                              text29       001DDA
__end_of___ftsub                               text27       0024B6
__end_of___fttol                               text26       001B50
__end_of___lldiv                               text25       0020A0
__end_of___llmod                               text24       002264
__end_of___lltoft                              text23       0022C0
__end_of___lwtoft                              text6        00280A
__end_of___wmul                                text17       0027C0
__end_of__div_to_l_                            text22       001A58
__end_of__esp8266_print                        text57       002312
__end_of__esp8266_waitFor                      text33       001E76
__end_of__esp8266_waitResponse                 text55       001930
__end_of__esp8266_waitResponse@F7012           mediumconst  007F13
__end_of__esp8266_waitResponse@F7016           mediumconst  007F0D
__end_of__initialization                       cinit        002180
__end_of__npowers_                             mediumconst  007F07
__end_of__powers_                              mediumconst  007EE0
__end_of__tdiv_to_l_                           text21       001804
__end_of_dpowers                               mediumconst  007EB9
__end_of_esp8266_CIPMUX                        text54       00279A
__end_of_esp8266_SLEEP                         text53       002772
__end_of_esp8266_connect                       text52       0024F8
__end_of_esp8266_ip                            text32       001F0A
__end_of_esp8266_isStarted                     text51       0028D8
__end_of_esp8266_mode                          text50       00274A
__end_of_esp8266_send                          text12       00211C
__end_of_esp8266_server                        text49       0023F0
__end_of_fround                                text16       00113E
__end_of_get_pm                                text4        000EE4
__end_of_main                                  text0        001336
__end_of_memset                                text3        0026CA
__end_of_print_                                text5        002534
__end_of_print_ln                              text2        002474
__end_of_scale                                 text15       000C7A
__end_of_sprintf                               text14       00085A
__end_of_strcat                                text1        002432
__end_of_strlen                                text13       00256E
__esp8266_print                                text57       0022C0
__esp8266_print@ptr                            cstackCOMRAM 000014
__esp8266_waitFor                              text33       001DDA
__esp8266_waitFor@counter                      cstackCOMRAM 000019
__esp8266_waitFor@received                     cstackCOMRAM 000018
__esp8266_waitFor@so_far                       cstackCOMRAM 00001B
__esp8266_waitFor@string                       cstackCOMRAM 000014
__esp8266_waitResponse                         text55       001804
__esp8266_waitResponse@F7010                   bssBANK0     000080
__esp8266_waitResponse@F7012                   mediumconst  007F0D
__esp8266_waitResponse@F7014                   dataBANK0    0000DA
__esp8266_waitResponse@F7016                   mediumconst  007F07
__esp8266_waitResponse@continue_loop           cstackCOMRAM 000037
__esp8266_waitResponse@i                       cstackCOMRAM 000038
__esp8266_waitResponse@lengths                 cstackCOMRAM 000023
__esp8266_waitResponse@received                cstackCOMRAM 000035
__esp8266_waitResponse@response                cstackCOMRAM 000036
__esp8266_waitResponse@responses               cstackCOMRAM 000029
__esp8266_waitResponse@so_far                  cstackCOMRAM 00002F
__esp8266_waitResponse@strings                 cstackCOMRAM 000017
__initialization                               cinit        00211C
__mediumconst                                  mediumconst  007E90
__npowers_                                     mediumconst  007EE0
__pbssBANK0                                    bssBANK0     000060
__pbssBANK1                                    bssBANK1     0001C5
__pbssCOMRAM                                   bssCOMRAM    00003A
__pcinit                                       cinit        00211C
__pcstackBANK0                                 cstackBANK0  00009D
__pcstackBANK1                                 cstackBANK1  000100
__pcstackCOMRAM                                cstackCOMRAM 000001
__pdataBANK0                                   dataBANK0    0000DA
__pdataBANK1                                   dataBANK1    00018D
__pidataBANK0                                  idataBANK0   0027C0
__pidataBANK1                                  idataBANK1   0025A8
__pintcode                                     intcode      000008
__pmediumconst                                 mediumconst  007E90
__powers_                                      mediumconst  007EB9
__ptext0                                       text0        00113E
__ptext1                                       text1        0023F0
__ptext10                                      text10       0028F6
__ptext11                                      text11       0028A0
__ptext12                                      text12       0020A0
__ptext13                                      text13       002534
__ptext14                                      text14       000116
__ptext15                                      text15       00085A
__ptext16                                      text16       000EE4
__ptext17                                      text17       00279A
__ptext18                                      text18       001B50
__ptext19                                      text19       00218E
__ptext2                                       text2        002432
__ptext20                                      text20       001F9A
__ptext21                                      text21       0016D2
__ptext22                                      text22       001930
__ptext23                                      text23       002264
__ptext24                                      text24       0021FE
__ptext25                                      text25       00201E
__ptext26                                      text26       001A58
__ptext27                                      text27       002474
__ptext28                                      text28       001524
__ptext29                                      text29       001D2C
__ptext3                                       text3        00269E
__ptext30                                      text30       00280A
__ptext31                                      text31       001F0A
__ptext32                                      text32       001E76
__ptext33                                      text33       001DDA
__ptext34                                      text34       00282E
__ptext35                                      text35       002850
__ptext36                                      text36       002902
__ptext37                                      text37       002614
__ptext38                                      text38       0028B4
__ptext39                                      text39       002938
__ptext4                                       text4        000C7A
__ptext40                                      text40       002312
__ptext41                                      text41       00290C
__ptext42                                      text42       002916
__ptext43                                      text43       00235E
__ptext44                                      text44       002920
__ptext45                                      text45       00292A
__ptext46                                      text46       0028D8
__ptext47                                      text47       00288A
__ptext48                                      text48       001336
__ptext49                                      text49       0023AA
__ptext5                                       text5        0024F8
__ptext50                                      text50       002722
__ptext51                                      text51       0028C6
__ptext52                                      text52       0024B6
__ptext53                                      text53       00274A
__ptext54                                      text54       002772
__ptext55                                      text55       001804
__ptext56                                      text56       0025E0
__ptext57                                      text57       0022C0
__ptext58                                      text58       00256E
__ptext6                                       text6        0027E6
__ptext60                                      text60       0028E8
__ptext61                                      text61       002642
__ptext62                                      text62       0026CA
__ptext63                                      text63       002670
__ptext64                                      text64       0026F6
__ptext65                                      text65       000000
__ptext7                                       text7        001C44
__ptext8                                       text8        002934
__ptext9                                       text9        002872
__ramtop                                       ramtop       000600
__size_of_ADC_GetConversionResult              (abs)        000000
__size_of_ADC_Initialize                       (abs)        000000
__size_of_ADC_IsConversionDone                 (abs)        000000
__size_of_ADC_SelectChannel                    (abs)        000000
__size_of_ADC_StartConversion                  (abs)        000000
__size_of_CCP5_Initialize                      (abs)        000000
__size_of_ESP_Initialize                       (abs)        000000
__size_of_EUSART1_Initialize                   (abs)        000000
__size_of_EUSART1_Read                         (abs)        000000
__size_of_EUSART1_Receive_ISR                  (abs)        000000
__size_of_EUSART1_SetRxInterruptHandler        (abs)        000000
__size_of_EUSART1_SetTxInterruptHandler        (abs)        000000
__size_of_EUSART1_Transmit_ISR                 (abs)        000000
__size_of_EUSART1_Write                        (abs)        000000
__size_of_EUSART2_Initialize                   (abs)        000000
__size_of_EUSART2_Receive_ISR                  (abs)        000000
__size_of_EUSART2_SetRxInterruptHandler        (abs)        000000
__size_of_EUSART2_SetTxInterruptHandler        (abs)        000000
__size_of_EUSART2_Transmit_ISR                 (abs)        000000
__size_of_INTERRUPT_Initialize                 (abs)        000000
__size_of_INTERRUPT_InterruptManager           (abs)        000000
__size_of_OSCILLATOR_Initialize                (abs)        000000
__size_of_PIN_MANAGER_Initialize               (abs)        000000
__size_of_SYSTEM_Initialize                    (abs)        000000
__size_of_TMR0_ISR                             (abs)        000000
__size_of_TMR0_Initialize                      (abs)        000000
__size_of_TMR0_SetInterruptHandler             (abs)        000000
__size_of___awdiv                              (abs)        000000
__size_of___awmod                              (abs)        000000
__size_of___ftadd                              (abs)        000000
__size_of___ftdiv                              (abs)        000000
__size_of___ftge                               (abs)        000000
__size_of___ftmul                              (abs)        000000
__size_of___ftneg                              (abs)        000000
__size_of___ftpack                             (abs)        000000
__size_of___ftsub                              (abs)        000000
__size_of___fttol                              (abs)        000000
__size_of___lldiv                              (abs)        000000
__size_of___llmod                              (abs)        000000
__size_of___lltoft                             (abs)        000000
__size_of___lwtoft                             (abs)        000000
__size_of___wmul                               (abs)        000000
__size_of__div_to_l_                           (abs)        000000
__size_of__esp8266_print                       (abs)        000000
__size_of__esp8266_waitFor                     (abs)        000000
__size_of__esp8266_waitResponse                (abs)        000000
__size_of__tdiv_to_l_                          (abs)        000000
__size_of_esp8266_CIPMUX                       (abs)        000000
__size_of_esp8266_SLEEP                        (abs)        000000
__size_of_esp8266_connect                      (abs)        000000
__size_of_esp8266_ip                           (abs)        000000
__size_of_esp8266_isStarted                    (abs)        000000
__size_of_esp8266_mode                         (abs)        000000
__size_of_esp8266_send                         (abs)        000000
__size_of_esp8266_server                       (abs)        000000
__size_of_fround                               (abs)        000000
__size_of_get_pm                               (abs)        000000
__size_of_main                                 (abs)        000000
__size_of_memset                               (abs)        000000
__size_of_print_                               (abs)        000000
__size_of_print_ln                             (abs)        000000
__size_of_scale                                (abs)        000000
__size_of_sprintf                              (abs)        000000
__size_of_strcat                               (abs)        000000
__size_of_strlen                               (abs)        000000
__smallconst                                   smallconst   000000
__tdiv_to_l_                                   text21       0016D2
__tdiv_to_l_@cntr                              cstackCOMRAM 000020
__tdiv_to_l_@exp1                              cstackCOMRAM 000021
__tdiv_to_l_@f1                                cstackCOMRAM 000013
__tdiv_to_l_@f2                                cstackCOMRAM 000016
__tdiv_to_l_@quot                              cstackCOMRAM 00001C
_calcVoltage                                   bssBANK0     00009A
_dpowers                                       mediumconst  007E91
_dustDensity                                   bssBANK0     000091
_esp8266_CIPMUX                                text54       002772
_esp8266_SLEEP                                 text53       00274A
_esp8266_connect                               text52       0024B6
_esp8266_ip                                    text32       001E76
_esp8266_isStarted                             text51       0028C6
_esp8266_mode                                  text50       002722
_esp8266_send                                  text12       0020A0
_esp8266_server                                text49       0023AA
_eusart1RxBuffer                               bssBANK0     000060
_eusart1RxCount                                bssCOMRAM    000040
_eusart1RxHead                                 bssCOMRAM    000042
_eusart1RxTail                                 bssCOMRAM    000041
_eusart1TxBuffer                               bssBANK0     000068
_eusart1TxBufferRemaining                      bssCOMRAM    000043
_eusart1TxHead                                 bssCOMRAM    000045
_eusart1TxTail                                 bssCOMRAM    000044
_eusart2RxBuffer                               bssBANK0     000070
_eusart2RxCount                                bssCOMRAM    000047
_eusart2RxHead                                 bssCOMRAM    000049
_eusart2RxTail                                 bssCOMRAM    000048
_eusart2TxBuffer                               bssBANK0     000078
_eusart2TxBufferRemaining                      bssCOMRAM    00004A
_eusart2TxHead                                 bssCOMRAM    00004C
_eusart2TxTail                                 bssCOMRAM    00004B
_fround                                        text16       000EE4
_fround$2235                                   cstackBANK0  0000A0
_fround$2236                                   cstackBANK0  00009D
_get_pm                                        text4        000C7A
_main                                          text0        00113E
_memset                                        text3        00269E
_pdust                                         bssBANK1     0001E2
_print_                                        text5        0024F8
_print_ln                                      text2        002432
_scale                                         text15       00085A
_scale$2237                                    cstackBANK0  00009D
_sprintf                                       text14       000116
_sprintf$2238                                  cstackBANK0  0000C3
_strcat                                        text1        0023F0
_strlen                                        text13       002534
_timecount                                     bssBANK1     0001C7
_timer0ReloadVal                               bssCOMRAM    000046
_voltsMeasured                                 bssBANK0     000094
btemp                                          temp         00004D
end_of_initialization                          cinit        002180
esp8266_CIPMUX@mode                            cstackCOMRAM 000039
esp8266_SLEEP@mode                             cstackCOMRAM 000039
esp8266_connect@pass                           cstackBANK0  00009F
esp8266_connect@ssid                           cstackBANK0  00009D
esp8266_ip@i                                   cstackCOMRAM 00001E
esp8266_ip@received                            cstackCOMRAM 00001F
esp8266_ip@store_in                            cstackCOMRAM 00001C
esp8266_mode@mode                              cstackCOMRAM 000039
esp8266_send@F6994                             bssBANK0     000086
esp8266_send@data                              cstackBANK1  000100
esp8266_send@length_str                        cstackBANK1  000102
esp8266_server@mode                            cstackCOMRAM 000039
esp8266_start@F6991                            bssBANK0     00008C
fround@prec                                    cstackBANK0  0000A3
get_pm@TASK                                    cstackBANK1  00010A
get_pm@oldtimecount1                           cstackBANK1  000102
get_pm@oldtimecount2                           cstackBANK1  000104
get_pm@oldtimecount3                           cstackBANK1  000106
get_pm@oldtimecount4                           cstackBANK1  000108
int$flags                                      temp         00004D
intlevel0                                      text         000000
intlevel1                                      text         000000
intlevel2                                      text         000000
intlevel3                                      text         000000
main@F7011                                     dataBANK1    0001BF
main@F7013                                     dataBANK1    0001B7
main@F7015                                     dataBANK1    00018D
main@GPSd_                                     cstackBANK1  00010E
main@alldata                                   cstackBANK1  00012B
main@data_test                                 cstackBANK1  000183
main@ip                                        bssBANK1     0001F7
main@m_TASK                                    cstackBANK1  000189
main@oldtimecount                              cstackBANK1  00018B
main@wait                                      cstackBANK1  00017B
memset@c                                       cstackCOMRAM 000015
memset@n                                       cstackCOMRAM 000017
memset@p                                       cstackCOMRAM 000019
memset@p1                                      cstackCOMRAM 000013
print_@i                                       cstackCOMRAM 00001F
print_@length                                  cstackCOMRAM 00001B
print_@text                                    cstackCOMRAM 000019
print_ln@i                                     cstackCOMRAM 00001F
print_ln@length                                cstackCOMRAM 00001B
print_ln@text                                  cstackCOMRAM 000019
scale@scl                                      cstackBANK0  0000A0
sprintf@ap                                     cstackBANK0  0000C6
sprintf@c                                      cstackBANK0  0000D9
sprintf@exp                                    cstackBANK0  0000D0
sprintf@f                                      cstackBANK0  0000B8
sprintf@flag                                   cstackBANK0  0000C8
sprintf@fval                                   cstackBANK0  0000D6
sprintf@prec                                   cstackBANK0  0000CA
sprintf@sp                                     cstackBANK0  0000B6
sprintf@tmpval                                 cstackBANK0  0000D2
sprintf@val                                    cstackBANK0  0000CC
stackhi                                        (abs)        0005FF
stacklo                                        (abs)        0001FB
start                                          init         000112
start_initialization                           cinit        00211C
strcat@cp                                      cstackCOMRAM 000017
strcat@from                                    cstackCOMRAM 000015
strcat@to                                      cstackCOMRAM 000013
strlen@cp                                      cstackCOMRAM 000017
strlen@s                                       cstackCOMRAM 000013
wtemp6                                         temp         00004E


FUNCTION INFORMATION:

 *************** function _main *****************
 Defined at:
		line 46 in file "main.c"
 Parameters:    Size  Location     Type
		None
 Auto vars:     Size  Location     Type
  alldata        80   43[BANK1 ] unsigned char [80]
  GPSd_          29   14[BANK1 ] unsigned char [29]
  wait            8  123[BANK1 ] unsigned char [8]
  data_test       6  131[BANK1 ] unsigned char [6]
  oldtimecount    2  139[BANK1 ] unsigned int 
  m_TASK          2  137[BANK1 ] int 
 Return value:  Size  Location     Type
                  1    wreg      void 
 Registers used:
		wreg, fsr0l, fsr0h, fsr1l, fsr1h, fsr2l, fsr2h, status,2, status,0, tblptrl, tblptrh, tblptru, prodl, prodh, cstack
 Tracked objects:
		On entry : 
		On exit  : 
		Unchanged: 
 Data sizes:     COMRAM   BANK0   BANK1   BANK2   BANK3   BANK4   BANK5
      Params:         0       0       0       0       0       0       0
      Locals:         0       0     127       0       0       0       0
      Temps:          0       0       2       0       0       0       0
      Totals:         0       0     129       0       0       0       0
Total ram usage:      129 bytes
 Hardware stack levels required when called:    7
 This function calls:
		_ADC_Initialize
		_ESP_Initialize
		_EUSART1_Initialize
		_EUSART2_Initialize
		_SYSTEM_Initialize
		_TMR0_Initialize
		__esp8266_waitFor
		_esp8266_ip
		_esp8266_send
		_get_pm
		_memset
		_print_ln
		_strcat
		_strlen
 This function is called by:
		Startup code after reset
 This function uses a non-reentrant model


 *************** function _strcat *****************
 Defined at:
		line 8 in file "/Applications/microchip/xc8/v1.45/sources/common/strcat.c"
 Parameters:    Size  Location     Type
  to              2   18[COMRAM] PTR unsigned char 
		 -> main@alldata(80), 
  from            2   20[COMRAM] PTR const unsigned char 
		 -> pdust(21), main@GPSd_(29), 
 Auto vars:     Size  Location     Type
  cp              2   22[COMRAM] PTR unsigned char 
		 -> main@alldata(80), 
 Return value:  Size  Location     Type
                  2   18[COMRAM] PTR unsigned char 
 Registers used:
		wreg, fsr1l, fsr1h, fsr2l, fsr2h, status,2, status,0
 Tracked objects:
		On entry : 
		On exit  : 
		Unchanged: 
 Data sizes:     COMRAM   BANK0   BANK1   BANK2   BANK3   BANK4   BANK5
      Params:         4       0       0       0       0       0       0
      Locals:         2       0       0       0       0       0       0
      Temps:          0       0       0       0       0       0       0
      Totals:         6       0       0       0       0       0       0
Total ram usage:        6 bytes
 Hardware stack levels used:    1
[...]
      Temps:          0       0       0       0       0       0       0
      Totals:         1       0       0       0       0       0       0
Total ram usage:        1 bytes
 Hardware stack levels used:    1
 Hardware stack levels required when called:    4
 This function calls:
		_EUSART1_Write
		__esp8266_print
		__esp8266_waitResponse
 This function is called by:
		_ESP_Initialize
 This function uses a non-reentrant model


 *************** function __esp8266_waitResponse *****************
 Defined at:
		line 321 in file "mcc_generated_files/esp8266.c"
 Parameters:    Size  Location     Type
		None
 Auto vars:     Size  Location     Type
  i               1   55[COMRAM] unsigned char 
  strings        12   22[COMRAM] PTR const unsigned char 
		 -> STR_33(7), STR_32(7), STR_31(10), STR_30(5), 
		 -> STR_29(6), STR_28(3), 
  so_far          6   46[COMRAM] unsigned char [6]
  responses       6   40[COMRAM] const unsigned char [6]
  lengths         6   34[COMRAM] const unsigned char [6]
  continue_loo    1   54[COMRAM] unsigned char 
  response        1   53[COMRAM] unsigned char 
  received        1   52[COMRAM] unsigned char 
 Return value:  Size  Location     Type
                  1    wreg      unsigned char 
 Registers used:
		wreg, fsr1l, fsr1h, fsr2l, fsr2h, status,2, status,0, tblptrl, tblptrh, tblptru, prodl, prodh, cstack
 Tracked objects:
		On entry : 
		On exit  : 
		Unchanged: 
 Data sizes:     COMRAM   BANK0   BANK1   BANK2   BANK3   BANK4   BANK5
      Params:         0       0       0       0       0       0       0
      Locals:        34       0       0       0       0       0       0
      Temps:          3       0       0       0       0       0       0
      Totals:        37       0       0       0       0       0       0
Total ram usage:       37 bytes
 Hardware stack levels used:    1
 Hardware stack levels required when called:    3
 This function calls:
		_EUSART1_Read
 This function is called by:
		_esp8266_isStarted
		_esp8266_mode
		_esp8266_connect
		_esp8266_send
		_esp8266_server
		_esp8266_CIPMUX
		_esp8266_SLEEP
		_esp8266_restart
		_esp8266_start
		_esp8266_test
 This function uses a non-reentrant model


 *************** function _EUSART1_Read *****************
 Defined at:
		line 128 in file "mcc_generated_files/eusart1.c"
 Parameters:    Size  Location     Type
		None
 Auto vars:     Size  Location     Type
  readValue       1   18[COMRAM] unsigned char 
 Return value:  Size  Location     Type
                  1    wreg      unsigned char 
 Registers used:
		wreg, fsr2l, fsr2h, status,2, status,0, prodl, prodh
 Tracked objects:
		On entry : 
		On exit  : 
		Unchanged: 
 Data sizes:     COMRAM   BANK0   BANK1   BANK2   BANK3   BANK4   BANK5
      Params:         0       0       0       0       0       0       0
      Locals:         1       0       0       0       0       0       0
      Temps:          0       0       0       0       0       0       0
      Totals:         1       0       0       0       0       0       0
Total ram usage:        1 bytes
 Hardware stack levels used:    1
 Hardware stack levels required when called:    2
 This function calls:
		Nothing
 This function is called by:
		_esp8266_ip
		_esp8266_send
		__esp8266_waitFor
		__esp8266_waitResponse
		_esp8266_receive
		_gets1USART
 This function uses a non-reentrant model


 *************** function __esp8266_print *****************
 Defined at:
		line 271 in file "mcc_generated_files/esp8266.c"
 Parameters:    Size  Location     Type
  ptr             2   19[COMRAM] PTR const unsigned char 
		 -> STR_44(10), STR_43(4), main@alldata(80), STR_41(3), 
		 -> STR_40(3), STR_39(3), STR_38(10), STR_37(3), 
		 -> STR_36(11), STR_35(3), STR_34(14), STR_24(3), 
		 -> STR_23(14), esp8266_send@length_str(6), STR_21(3), esp8266_start@port_str(5), 
		 -> STR_19(3), STR_18(4), STR_17(4), STR_16(4), 
		 -> STR_15(14), STR_13(11), STR_11(11), STR_10(4), 
		 -> STR_9(4), STR_8(11), STR_7(3), STR_6(11), 
		 -> STR_4(3), STR_3(4), STR_2(9), STR_1(5), 
 Auto vars:     Size  Location     Type
		None
 Return value:  Size  Location     Type
                  1    wreg      void 
 Registers used:
		wreg, fsr0l, fsr0h, fsr2l, fsr2h, status,2, status,0, tblptrl, tblptrh, tblptru, prodl, prodh, cstack
 Tracked objects:
		On entry : 
		On exit  : 
		Unchanged: 
 Data sizes:     COMRAM   BANK0   BANK1   BANK2   BANK3   BANK4   BANK5
      Params:         2       0       0       0       0       0       0
      Locals:         0       0       0       0       0       0       0
      Temps:          0       0       0       0       0       0       0
      Totals:         2       0       0       0       0       0       0
Total ram usage:        2 bytes
 Hardware stack levels used:    1
 Hardware stack levels required when called:    3
 This function calls:
		_EUSART1_Write
 This function is called by:
		_esp8266_isStarted
		_esp8266_mode
		_esp8266_connect
		_esp8266_ip
		_esp8266_send
		_esp8266_server
		_esp8266_CIPMUX
		_esp8266_SLEEP
		_esp8266_restart
		_esp8266_echoCmds
		_esp8266_disconnect
		_esp8266_start
		_esp8266_test
 This function uses a non-reentrant model


 *************** function _EUSART1_Write *****************
 Defined at:
		line 148 in file "mcc_generated_files/eusart1.c"
 Parameters:    Size  Location     Type
  txData          1    wreg     unsigned char 
 Auto vars:     Size  Location     Type
  txData          1   18[COMRAM] unsigned char 
 Return value:  Size  Location     Type
                  1    wreg      void 
 Registers used:
		wreg, fsr2l, fsr2h, status,2, status,0, prodl, prodh
 Tracked objects:
		On entry : 
		On exit  : 
		Unchanged: 
 Data sizes:     COMRAM   BANK0   BANK1   BANK2   BANK3   BANK4   BANK5
      Params:         0       0       0       0       0       0       0
      Locals:         1       0       0       0       0       0       0
      Temps:          0       0       0       0       0       0       0
      Totals:         1       0       0       0       0       0       0
Total ram usage:        1 bytes
 Hardware stack levels used:    1
 Hardware stack levels required when called:    2
 This function calls:
		Nothing
 This function is called by:
		_esp8266_mode
		__esp8266_print
		_esp8266_server
		_esp8266_CIPMUX
		_esp8266_SLEEP
		_print_
		_print_ln
		_get_pm
		_esp8266_echoCmds
		_GPS_read_data
 This function uses a non-reentrant model


 *************** function _INTERRUPT_InterruptManager *****************
 Defined at:
		line 58 in file "mcc_generated_files/interrupt_manager.c"
 Parameters:    Size  Location     Type
		None
 Auto vars:     Size  Location     Type
		None
 Return value:  Size  Location     Type
                  1    wreg      void 
 Registers used:
		wreg, fsr2l, fsr2h, status,2, status,0, pclath, tosl, prodl, prodh, cstack
 Tracked objects:
		On entry : 
		On exit  : 
		Unchanged: 
 Data sizes:     COMRAM   BANK0   BANK1   BANK2   BANK3   BANK4   BANK5
      Params:         0       0       0       0       0       0       0
      Locals:         0       0       0       0       0       0       0
      Temps:         18       0       0       0       0       0       0
      Totals:        18       0       0       0       0       0       0
Total ram usage:       18 bytes
 Hardware stack levels used:    1
 Hardware stack levels required when called:    1
 This function calls:
		Absolute function
		_EUSART1_Receive_ISR
		_EUSART1_Transmit_ISR
		_EUSART2_Receive_ISR
		_EUSART2_Transmit_ISR
		_TMR0_ISR
 This function is called by:
		Interrupt level 2
 This function uses a non-reentrant model


 *************** function _TMR0_ISR *****************
 Defined at:
		line 129 in file "mcc_generated_files/tmr0.c"
 Parameters:    Size  Location     Type
		None
 Auto vars:     Size  Location     Type
		None
 Return value:  Size  Location     Type
                  1    wreg      void 
 Registers used:
		status,2, status,0
 Tracked objects:
		On entry : 
		On exit  : 
		Unchanged: 
 Data sizes:     COMRAM   BANK0   BANK1   BANK2   BANK3   BANK4   BANK5
      Params:         0       0       0       0       0       0       0
      Locals:         0       0       0       0       0       0       0
      Temps:          0       0       0       0       0       0       0
      Totals:         0       0       0       0       0       0       0
Total ram usage:        0 bytes
 Hardware stack levels used:    1
 This function calls:
		Nothing
 This function is called by:
		_INTERRUPT_InterruptManager
 This function uses a non-reentrant model


 *************** function _EUSART2_Transmit_ISR *****************
 Defined at:
		line 172 in file "mcc_generated_files/eusart2.c"
 Parameters:    Size  Location     Type
		None
 Auto vars:     Size  Location     Type
		None
 Return value:  Size  Location     Type
                  1    wreg      void 
 Registers used:
		wreg, fsr2l, fsr2h, status,2, status,0, prodl, prodh
 Tracked objects:
		On entry : 
		On exit  : 
		Unchanged: 
 Data sizes:     COMRAM   BANK0   BANK1   BANK2   BANK3   BANK4   BANK5
      Params:         0       0       0       0       0       0       0
      Locals:         0       0       0       0       0       0       0
      Temps:          0       0       0       0       0       0       0
      Totals:         0       0       0       0       0       0       0
Total ram usage:        0 bytes
 Hardware stack levels used:    1
 This function calls:
		Nothing
 This function is called by:
		_EUSART2_Initialize
		_INTERRUPT_InterruptManager
 This function uses a non-reentrant model


 *************** function _EUSART2_Receive_ISR *****************
 Defined at:
		line 191 in file "mcc_generated_files/eusart2.c"
 Parameters:    Size  Location     Type
		None
 Auto vars:     Size  Location     Type
		None
 Return value:  Size  Location     Type
                  1    wreg      void 
 Registers used:
		wreg, fsr2l, fsr2h, status,2, status,0, prodl, prodh
 Tracked objects:
		On entry : 
		On exit  : 
		Unchanged: 
 Data sizes:     COMRAM   BANK0   BANK1   BANK2   BANK3   BANK4   BANK5
      Params:         0       0       0       0       0       0       0
      Locals:         0       0       0       0       0       0       0
      Temps:          0       0       0       0       0       0       0
      Totals:         0       0       0       0       0       0       0
Total ram usage:        0 bytes
 Hardware stack levels used:    1
 This function calls:
		Nothing
 This function is called by:
		_EUSART2_Initialize
		_INTERRUPT_InterruptManager
 This function uses a non-reentrant model


 *************** function _EUSART1_Transmit_ISR *****************
 Defined at:
		line 172 in file "mcc_generated_files/eusart1.c"
 Parameters:    Size  Location     Type
		None
 Auto vars:     Size  Location     Type
		None
 Return value:  Size  Location     Type
                  1    wreg      void 
 Registers used:
		wreg, fsr2l, fsr2h, status,2, status,0, prodl, prodh
 Tracked objects:
		On entry : 
		On exit  : 
		Unchanged: 
 Data sizes:     COMRAM   BANK0   BANK1   BANK2   BANK3   BANK4   BANK5
      Params:         0       0       0       0       0       0       0
      Locals:         0       0       0       0       0       0       0
      Temps:          0       0       0       0       0       0       0
      Totals:         0       0       0       0       0       0       0
Total ram usage:        0 bytes
 Hardware stack levels used:    1
 This function calls:
		Nothing
 This function is called by:
		_EUSART1_Initialize
		_INTERRUPT_InterruptManager
 This function uses a non-reentrant model


 *************** function _EUSART1_Receive_ISR *****************
 Defined at:
		line 191 in file "mcc_generated_files/eusart1.c"
 Parameters:    Size  Location     Type
		None
 Auto vars:     Size  Location     Type
		None
 Return value:  Size  Location     Type
                  1    wreg      void 
 Registers used:
		wreg, fsr2l, fsr2h, status,2, status,0, prodl, prodh
 Tracked objects:
		On entry : 
		On exit  : 
		Unchanged: 
 Data sizes:     COMRAM   BANK0   BANK1   BANK2   BANK3   BANK4   BANK5
      Params:         0       0       0       0       0       0       0
      Locals:         0       0       0       0       0       0       0
      Temps:          0       0       0       0       0       0       0
      Totals:         0       0       0       0       0       0       0
Total ram usage:        0 bytes
 Hardware stack levels used:    1
 This function calls:
		Nothing
 This function is called by:
		_EUSART1_Initialize
		_INTERRUPT_InterruptManager
 This function uses a non-reentrant model



MODULE INFORMATION

Module		Function		Class		Link	Load	Size
/Applications/microchip/xc8/v1.45/sources/common/float.c
		___ftpack      		CODE           	1D2C	0000	175

/Applications/microchip/xc8/v1.45/sources/common/float.c estimated size: 175

/Applications/microchip/xc8/v1.45/sources/common/memset.c
		_memset        		CODE           	269E	0000	45

/Applications/microchip/xc8/v1.45/sources/common/memset.c estimated size: 45

/Applications/microchip/xc8/v1.45/sources/common/ftmul.c
		___ftmul       		CODE           	1B50	0000	245

/Applications/microchip/xc8/v1.45/sources/common/ftmul.c estimated size: 245

/Applications/microchip/xc8/v1.45/sources/common/awmod.c
		___awmod       		CODE           	218E	0000	113

/Applications/microchip/xc8/v1.45/sources/common/awmod.c estimated size: 113

mcc_generated_files/eusart2.c
		_EUSART2_Receive_ISR		CODE           	26CA	0000	45
		_EUSART2_Transmit_ISR		CODE           	2642	0000	47
		_EUSART2_SetRxInterruptHandler		CODE           	2916	0000	11
		_EUSART2_SetTxInterruptHandler		CODE           	290C	0000	11
		_EUSART2_Initialize		CODE           	2312	0000	77

mcc_generated_files/eusart2.c estimated size: 191

/Applications/microchip/xc8/v1.45/sources/common/ftdiv.c
		___ftdiv       		CODE           	1C44	0000	233

/Applications/microchip/xc8/v1.45/sources/common/ftdiv.c estimated size: 233

/Applications/microchip/xc8/v1.45/sources/common/llmod.c
		___llmod       		CODE           	21FE	0000	103

/Applications/microchip/xc8/v1.45/sources/common/llmod.c estimated size: 103

/Applications/microchip/xc8/v1.45/sources/common/doprnt.c
		_scale         		CODE           	085A	0000	1057
		_sprintf       		CODE           	0116	0000	1861
		_fround        		CODE           	0EE4	0000	603

/Applications/microchip/xc8/v1.45/sources/common/doprnt.c estimated size: 3521

mcc_generated_files/interrupt_manager.c
		_INTERRUPT_Initialize		CODE           	2938	0000	5
		_INTERRUPT_InterruptManager		CODE           	0008	0000	267

mcc_generated_files/interrupt_manager.c estimated size: 272

/Applications/microchip/xc8/v1.45/sources/common/lltoft.c
		___lltoft      		CODE           	2264	0000	93

/Applications/microchip/xc8/v1.45/sources/common/lltoft.c estimated size: 93

mcc_generated_files/tmr0.c
		_TMR0_SetInterruptHandler		CODE           	2902	0000	11
		_TMR0_ISR      		CODE           	28E8	0000	15
		_TMR0_Initialize		CODE           	2850	0000	35

mcc_generated_files/tmr0.c estimated size: 61

mcc_generated_files/pin_manager.c
		_PIN_MANAGER_Initialize		CODE           	2614	0000	47

mcc_generated_files/pin_manager.c estimated size: 47

/Applications/microchip/xc8/v1.45/sources/common/fttol.c
		___fttol       		CODE           	1A58	0000	249

/Applications/microchip/xc8/v1.45/sources/common/fttol.c estimated size: 249

mcc_generated_files/adc.c
		_ADC_Initialize		CODE           	288A	0000	23
		_ADC_IsConversionDone		CODE           	28F6	0000	13
		_ADC_GetConversionResult		CODE           	28A0	0000	21
		_ADC_StartConversion		CODE           	2934	0000	5
		_ADC_SelectChannel		CODE           	2872	0000	25

mcc_generated_files/adc.c estimated size: 87

/Applications/microchip/xc8/v1.45/sources/common/awdiv.c
		___awdiv       		CODE           	1F9A	0000	133

/Applications/microchip/xc8/v1.45/sources/common/awdiv.c estimated size: 133

/Applications/microchip/xc8/v1.45/sources/common/ftdivl.c
		__tdiv_to_l_   		CODE           	16D2	0000	307

/Applications/microchip/xc8/v1.45/sources/common/ftdivl.c estimated size: 307

/Applications/microchip/xc8/v1.45/sources/common/ftge.c
		___ftge        		CODE           	1F0A	0000	145

/Applications/microchip/xc8/v1.45/sources/common/ftge.c estimated size: 145

/Applications/microchip/xc8/v1.45/sources/common/ftadd.c
		___ftadd       		CODE           	1524	0000	431

/Applications/microchip/xc8/v1.45/sources/common/ftadd.c estimated size: 431

/Applications/microchip/xc8/v1.45/sources/common/lldiv.c
		___lldiv       		CODE           	201E	0000	131

/Applications/microchip/xc8/v1.45/sources/common/lldiv.c estimated size: 131

/Applications/microchip/xc8/v1.45/sources/common/Umul16.c
		___wmul        		CODE           	279A	0000	39

/Applications/microchip/xc8/v1.45/sources/common/Umul16.c estimated size: 39

mcc_generated_files/esp8266.c
		__esp8266_print		CODE           	22C0	0000	83
		_esp8266_connect		CODE           	24B6	0000	67
		__esp8266_waitResponse		CODE           	1804	0000	301
		_esp8266_ip    		CODE           	1E76	0000	149
		_esp8266_mode  		CODE           	2722	0000	41
		_esp8266_send  		CODE           	20A0	0000	125
		_esp8266_SLEEP 		CODE           	274A	0000	41
		_esp8266_isStarted		CODE           	28C6	0000	19
		_esp8266_CIPMUX		CODE           	2772	0000	41
		_esp8266_server		CODE           	23AA	0000	71
		__esp8266_waitFor		CODE           	1DDA	0000	157

mcc_generated_files/esp8266.c estimated size: 1095

/Applications/microchip/xc8/v1.45/sources/common/fldivl.c
		__div_to_l_    		CODE           	1930	0000	297

/Applications/microchip/xc8/v1.45/sources/common/fldivl.c estimated size: 297

shared
		__powers_      		MEDIUMCONST    	7EB9	0000	40
		_dpowers       		MEDIUMCONST    	7E91	0000	41
		__npowers_     		MEDIUMCONST    	7EE0	0000	40
		__initialization		CODE           	211C	0000	101
		__esp8266_waitResponse@F7012		MEDIUMCONST    	7F0D	0000	7
		__esp8266_waitResponse@F7016		MEDIUMCONST    	7F07	0000	7

shared estimated size: 236

mcc_generated_files/eusart1.c
		_EUSART1_SetRxInterruptHandler		CODE           	292A	0000	11
		_EUSART1_SetTxInterruptHandler		CODE           	2920	0000	11
		_EUSART1_Initialize		CODE           	235E	0000	77
		_EUSART1_Read  		CODE           	25E0	0000	53
		_EUSART1_Write 		CODE           	256E	0000	59
		_EUSART1_Receive_ISR		CODE           	26F6	0000	45
		_EUSART1_Transmit_ISR		CODE           	2670	0000	47

mcc_generated_files/eusart1.c estimated size: 303

mcc_generated_files/mcc.c
		_OSCILLATOR_Initialize		CODE           	28B4	0000	19
		_SYSTEM_Initialize		CODE           	282E	0000	35

mcc_generated_files/mcc.c estimated size: 54

/Applications/microchip/xc8/v1.45/sources/common/ftneg.c
		___ftneg       		CODE           	280A	0000	37

/Applications/microchip/xc8/v1.45/sources/common/ftneg.c estimated size: 37

/Applications/microchip/xc8/v1.45/sources/common/ftsub.c
		___ftsub       		CODE           	2474	0000	67

/Applications/microchip/xc8/v1.45/sources/common/ftsub.c estimated size: 67

/Applications/microchip/xc8/v1.45/sources/common/strcat.c
		_strcat        		CODE           	23F0	0000	67

/Applications/microchip/xc8/v1.45/sources/common/strcat.c estimated size: 67

mcc_generated_files/ccp5.c
		_CCP5_Initialize		CODE           	28D8	0000	17

mcc_generated_files/ccp5.c estimated size: 17

main.c
		_ESP_Initialize		CODE           	1336	0000	495
		_get_pm        		CODE           	0C7A	0000	619
		_main          		CODE           	113E	0000	505
		_print_        		CODE           	24F8	0000	61
		_print_ln      		CODE           	2432	0000	67

main.c estimated size: 1747

/Applications/microchip/xc8/v1.45/sources/common/lwtoft.c
		___lwtoft      		CODE           	27E6	0000	37

/Applications/microchip/xc8/v1.45/sources/common/lwtoft.c estimated size: 37

/Applications/microchip/xc8/v1.45/sources/common/strlen.c
		_strlen        		CODE           	2534	0000	59

/Applications/microchip/xc8/v1.45/sources/common/strlen.c estimated size: 59

